abacate
abators
abbogada
abducted
abetting
abhinaya
abinoem
abixah
abjection
abortionists
abscess
absolutest
abstaining
abstractitious
abu
abumbrellar
abundant
aburst
abusedly
acari
accelerometers
acceptingness
acclimatizable
accolled
accoucheuse
accrue
accursedly
accusatives
acephalocyst
acetal
acetophenetide
acetous
acetylaminobenzene
ackerley
acmes
acoemetic
acquaintanceship
acquittals
acrindolin
acronymized
acrospired
acroteleutic
actinide
actinotherapy
aculea
aculeiform
acumble
adage
adamantoma
additum
adenomata
adephaga
adfrozen
adham
adicea
adipous
admonished
adrenalectomized
adventuristic
aella
aenean
aerohydrodynamic
aeschynomenous
aesculetin
aetiologies
aetosaurus
afb
affaire
afflux
affrettando
african
afrikaans
afterchance
afterstretch
agamid
agaricales
aggerose
aggressionist
aggrieves
aglobulism
agmas
agnostics
agogic
agoing
agonizing
agrologically
agua
ahimsas
ahoys
ahurewa
aikido
airbus
aircraftswoman
airlance
airling
airsickness
aistopodes
akutagawa
alantic
alantin
alaudine
alayne
albardine
albert
albuna
alcaldeship
alcaydes
alchemic
alcoholize
aldoketene
aldosterone
alexandrina
alexias
aleydis
algorithmic
algy
aliyas
allcollected
alldesigning
alleluja
allgovite
allicins
alliterationist
allix
alloclase
alloclasite
allsaving
alltriumphing
allured
almacigo
alphabetisation
alphabetizing
altisonant
alva
alveolation
alymphopotent
amagon
amalek
amandi
ambidexterous
amictus
aminase
ammonic
amorita
amourette
amourpropre
amphibiological
amphioxis
amphipodiform
amri
amrit
amuguis
amyosthenia
anagnos
analepsy
anaretic
anathematising
anatomize
anax
ancestrian
anchorhold
ane
anecdotalism
anemometrographically
anemophile
anencephalus
aneurysmally
angiemphraxis
angiocardiographic
angiogenic
anglians
anhydraemic
animalculist
animetta
animism
anisogamete
anl
annammuong
anoints
anophthalmia
anorectic
anorexias
anorthitic
anson
antefurcae
antemask
antepectoral
anthomyia
anthracitization
anthragallol
anthropogenist
anthropolater
anthropophagy
antibolshevistic
anticipates
anticreativeness
antiedemic
antifoggant
antifreezes
antifundamentalism
antigambling
antiinduction
antilyssic
antimonite
antinarcotics
antinegroism
antireligiously
antisemitically
antiserums
antispending
antoine
anzanian
apasote
apathic
apetalous
apheresis
aphra
aphroditidae
aplanat
apocarp
apocrisiary
apocynaceous
apodan
aporphin
aporrhais
aposiopeses
apostatized
appartement
appealability
applying
appointor
appreciation
apprehended
appropriative
apriorist
aprowl
aquarian
aquarium
aquatones
aquebogue
arase
arcadings
arcaro
arced
archaecraniate
archaicism
archaists
archbotcher
archdepredator
archeologic
archhead
archispore
architectonica
archives
archsea
arctiid
ardin
aready
areng
arenig
areographic
areographically
argot
arid
armenian
armigerous
armozeen
arranging
arriccioci
arriding
arrington
arrowheads
arshile
arteriorrhexis
articles
articulable
artinesses
arugolas
aryballi
asaigac
asaraceae
asarta
ascalabus
ascogonia
asheries
ashford
ashy
asiarchate
asiatical
asoak
aspidospermine
aspiringness
asporogenous
asprawl
assapan
assault
assertingly
assiduate
assiduousnesses
assimilatory
associable
associator
associators
assonanced
assurgency
astragalocentral
astrangia
astrapophobia
astringence
astylosternus
asynartete
atb
ateuchi
atheistically
athrong
atlantomastoid
atmidometry
atms
attacus
attntrp
attouchement
aureous
auscultated
authorize
authorling
autoinfusion
automanual
autoophthalmoscope
autosuggestible
autotype
availers
aventurin
aviso
avivah
avoid
avonmore
avra
awefilled
awikiwiki
axenic
axillas
ayear
ayn
azoformic
azulejo
azulejos
azureness
baalisms
babbool
babehood
baboonroot
bacchanalianly
bacile
backband
backscattering
backsheesh
bacon
bacteriodiagnosis
bactritoid
badajoz
badger
bae
bahan
bahima
bajury
balnea
bananivorous
bangor
bankroll
baptizement
barbotte
barbu
barhamsville
baritenor
barklyite
baroi
barpost
barratrously
barreled
barrus
bartonia
baseplug
basilweed
basketries
basocyte
basoga
bassetta
bassy
bastillion
bastionary
batekes
bathkol
batidaceous
batrachia
battletown
baudrons
bauds
bdelloida
beansetter
beatifical
beatnikism
beaugregory
bebeerine
becarpeted
beccaccia
bedbug
bedecked
bedmates
beeches
beefish
befathered
befraught
begabled
begad
beguiler
behedge
belate
bellaude
belli
belllike
belowstairs
beltdriven
benchmark
beneficence
beneighbored
beneplacit
bentonville
benumbed
benzoiodohydrin
benzols
beplumed
bereaves
bergalith
beringed
bernardston
bernelle
beryllium
beshivering
besier
bestinformed
bestridden
bet
betaeucaine
betainogen
bethuel
betrace
betteromened
betula
betumbled
bevil
bewhiten
bewitch
bewrayer
beyoglu
bhagavadgita
biacuminate
bias
bibliophagist
bibliothecas
bikol
bilaminar
bildungsroman
bilgehoop
billers
bioactivity
biographer
biophor
biosterin
biotopes
bipotentiality
bipyramidal
bismuthiferous
bissellia
bitore
blackchinned
blackfriars
blaeness
blakelee
blameless
blanca
blastocheme
bleached
bleaknesses
blither
bll
blockaders
blockwood
bloodshedder
blowbyblow
bluebreasted
bluenoser
blueweed
boarding
boastfulness
boatload
bodgie
bodyline
boehmenite
boers
bogarde
boiette
bombinae
boneyard
booboisie
bookbinding
bootid
bootjack
boracous
bori
bornean
borohydride
bostryx
boswellizing
botanomancy
botherheaded
bottomlessness
bowelling
bowgrace
boxboards
boxcalf
boyes
boykins
bracelet
brachiocubital
brachioradialis
brachycephales
brachycnemic
bracking
bradshaw
branchiurous
brandify
brashly
brass
brassiness
bratticer
bravadoing
brawny
brayley
brazened
breadbaking
breeched
brianna
briary
brickcroft
brickset
bridemaidship
bridewell
bridie
brigantine
bringingup
brinje
broadacre
broadleaf
broadribbed
brobdingnagian
brokenheaded
bromeliaceae
bromite
bromocyanidation
bromometric
bromuret
bronchocephalitis
bronchopneumonia
broochs
brotan
bruise
brython
bsdhyg
bsmused
bsse
btn
bubbler
bucks
buddh
buddleman
buddyboy
buenas
buffbar
bugbane
buginese
bugler
bugweed
bulleted
bullets
bullfight
bullfoot
bullshit
bumbaze
bumptiousness
bunya
burez
burgheristh
burier
burkei
burma
burneyville
burnishes
burnley
burnoosed
burrito
bursati
bushwas
busway
but
butanolide
butin
butoxyl
butterboatbill
butterhead
buttonbush
buttonerup
byelection
byhalia
bynames
byrls
bysitter
cabirean
cablese
cabman
caboche
caesium
cages
caitiffs
calathisci
calcifies
calciovolborthite
caleche
califs
callisection
callisthenics
callowman
calycanthemy
camasses
cami
camis
camphorone
camphory
campilan
campos
camshaft
canad
cancerating
cancerwort
candite
candlewasting
canescence
caniniform
cannabinol
canoga
canticle
cantillon
capiatur
capiz
caponizer
caption
carabids
caracara
caramelizes
carapa
carboxylating
carburizer
carcinus
cardcastle
cardiogenic
carduelis
caressable
carless
carmoisin
carniolan
carns
carromed
carroms
cartels
cartoner
cartoons
carvels
caryatidal
caschielawis
casease
cashableness
cashers
cassabas
cassegrainian
cassises
castelli
catafalque
catalogers
catastrophical
catel
catenating
caterers
catharping
catheti
cathodograph
cathodoluminescence
cathrine
catlin
catsup
cattleyak
cattyphoid
cautel
caveators
ccir
cedarlane
celestes
celibatarian
celibates
celiocele
celiomyositis
celiorrhaphy
celluloses
celsia
celtically
cence
censorious
central
cephalin
cephaloauricular
ceramiaceous
ceratopsian
ceraunoscopy
cereless
certhiidae
cervelases
chackchiuma
chairwoman
chaiselongue
chalcedonies
champaign
chandler
chaogenous
chapon
characinid
chariotlike
charita
charmaine
charuk
chassell
chatelainry
chattack
chautemps
chauvinistic
cheaters
chellean
chelonian
chemicomechanical
chemiluminescent
chemoses
chequerwork
cherrycolored
chevronelly
chewy
chickee
chics
chilacavote
childish
childlessnesses
chilicote
chilidium
chiloplasty
chilostomata
chimin
chink
chinup
chippiest
chitragupta
chlorination
chlorozincate
cholecystokinin
choliamb
chordophone
choreodrama
chromhidrosis
chromoxylograph
chronocarator
chubbily
churchdoor
churlish
chylomicron
cica
cidaridae
ciliary
cimarron
cinerin
cionorrhaphia
circumambages
circumaxillary
circumflexion
circumnavigate
civicmindedly
clake
clamming
classwise
cleanmoving
cleansailing
cleantha
clearminded
clemently
cleo
cleptobiotic
clerisy
cleverly
cliffless
clifton
climbable
clinged
clipboard
clishclash
cloakanddagger
clockminded
closable
closewritten
cloudcrammed
clovene
cloversick
clubbers
clyses
cnidopod
coadapted
coagulated
coalholes
coalleveling
cobcab
cobnut
cocalus
coccobaccilli
coccosphere
cochlospermum
cocky
cocobolo
cocooning
coendou
coesites
coffle
cogeneration
cognitives
cohosts
coiffeuse
coiffeuses
coleopteran
colleagueship
colleens
colletidae
colliquative
collocations
colludes
colobus
colones
colonisationist
colorsensitize
colpohyperplasia
coltson
columbanian
comas
combinably
comedowns
cometaria
cometary
comicocratic
commendatory
commis
commissaryship
commission
commits
communicated
companionizing
compartmental
comparts
compatient
compiler
composit
compresence
comptom
compulsivity
comrades
conal
concause
conceals
conceptualizations
conciliatingly
condoling
conductors
conemaugh
confederatism
conflagrator
confoundable
congerie
congo
congratulation
congratulations
connatal
connelly
connotational
connubial
constitutionalization
consubstantiating
consumables
consummation
consumptiveness
contemnibly
continency
continuances
continuer
contortae
contredanses
controllably
contumelious
convalescence
convallariaceae
convertoplane
convexedly
conveyorizer
convocate
conyrine
cooe
coolies
copastors
copping
cordle
corks
cornall
corneagen
coronene
correct
corruptful
corse
corwun
cosmonaut
cosset
costeffective
costingout
costotomy
councillary
counselled
counterambush
counterdraw
counterengagement
counterfact
counternarrative
counternotice
counterpanes
counterparallel
coursers
couxia
covershame
cowflop
coxarthrocace
coyville
crackeron
crackle
cracksmen
craddy
cramper
craniocele
cranioclasm
crapaud
craquelure
crat
craterless
cravingness
creasot
creedlessness
crescentiform
crescentlit
crewellery
crewet
crewnecked
cribbiting
criminalistician
crinolette
crossbearing
crosslots
crossreading
crossstringed
crosssue
crosstail
crouse
crout
crownation
crozzle
cruce
cryobiological
crypto
cryptogamic
cryptogamous
cryptogramma
crystallisation
crystallizes
crystallogenical
ctene
cubic
cubitocarpal
cuculliform
culeus
culicidal
cumbers
cumularspherulite
curacy
curbash
curettement
curn
cursedest
curtained
curvetting
curvulate
cushier
cussingout
cuttystool
cyanean
cyclization
cyclopean
cygneous
cynosurus
cypreses
cystectomies
cystocyte
cystophthisis
cytology
cytoplastic
daemonic
daley
dall
damalas
damozels
damselerrant
damysus
danaide
dandelions
danders
daneflower
danthonia
dapplebay
darat
darcie
daubries
daveta
dawsonville
dayglo
deadfall
deadman
deadseeming
deane
deathwatch
debase
debite
decapitalization
decidable
deckert
declivent
decoctible
decoder
decolourized
decore
decrepitating
deemanate
deers
defeater
defectible
defensiveness
defibrillating
defibrinize
deforcer
degraders
degreecut
dehumidifier
deionization
deiparous
deirdre
dekagramme
deleterious
delicious
delivered
delivery
