abetting
acephalocyst
acmes
afterstretch
alphabetisation
ancestrian
anorexias
apodan
aquatones
armozeen
assonanced
atmidometry
auscultated
aventurin
awefilled
babbool
babehood
bangor
barbotte
batrachia
beansetter
beatifical
bebeerine
bellaude
bildungsroman
bll
brickcroft
btn
cabman
cashers
ceramiaceous
chemicomechanical
chevronelly
chimin
chink
cholecystokinin
civicmindedly
clemently
clinged
cloudcrammed
coadapted
coesites
cognitives
columbanian
concause
crouse
crownation
dawsonville
debite
deforcer
