abampere
abbottson
abimelech
abirritative
abisia
ablush
abnerval
abolitionize
abroma
abscissa
absorber
academized
accentually
accidently
acenaphthene
acetyliodide
achage
achiness
achromatophilia
acidfast
acidification
acouchi
acroteral
acrylic
acushla
addressability
adenoids
adenological
adenovirus
adfroze
adoperate
adriana
advertisements
affluentness
affodill
aforeseeing
afterfeed
agamede
agamogenetic
agapemonite
ageold
aggie
aggregator
agmatology
agoho
agrogeologically
agrotera
agynous
ahe
ainslie
airscrews
akoasm
alacrities
alaloi
albertustaler
albiculi
albinotic
alcazar
alcoholizing
alderliefest
algogenic
algonkins
alguacil
alieners
alikewise
allantoidea
allentiac
alleviatingly
allforgiving
alligate
allocaffeine
allotheism
allottava
allotypes
allowably
allsurrounding
allwatched
allwhere
almanacs
almoning
alopecist
alright
alshain
alumbrado
alveolitis
amaas
amable
ambiency
ambushes
ambushing
amercement
amianthus
aminobenzene
ammonitish
amoebicide
amphimictically
ampulliform
amylase
amylo
amyloclastic
amylome
anadarko
anaesthesiology
anagnorisis
anagua
analogously
anamoose
anaptomorphidae
anatropal
andriana
anglogaean
anilingus
anisomelus
anisopoda
annihilable
anniversarys
announcement
anomalure
anotta
anserin
anteinitial
antergic
anthelmintic
anthropoclimatologist
antibiblic
anticaesar
anticholinergic
anticholinesterase
anticlimactically
antigonon
antiguerilla
antiloimic
antimasks
antimetathetic
antinationalism
antirevolutionary
antistimulation
antlerless
apodous
apparitional
apport
approvability
apsinthion
aquicolous
araguaya
arbusta
archangels
archdioceses
archducal
archipallium
archspirit
archsteward
arda
arhatship
armheaded
arnhem
arrangements
arrogantness
arrowgrass
arsehole
arseniasis
arteriac
artfulnesses
arthrodial
arthrodira
arthrous
aru
aryanism
ascomycetous
asexualise
asexualising
ashet
ashiest
ashstaved
assentatory
asterope
astragalonavicular
astrand
astrose
atrabiliarious
atropaceous
attemperament
auctions
auguste
augustly
auriscalpium
autoeciousness
automatics
autophotoelectric
autopolyploid
autopyotherapy
autoradiographic
avellaneda
awm
babbittism
babblers
backbends
badon
baetylus
baffed
baile
bailsmen
balkanize
ballonette
balmont
bando
banffshire
banters
bardelle
bargainee
barlach
barterer
bassetts
bastions
bateau
bathtubful
bayogoula
bearden
beaulieu
beaumontia
beblain
becky
beday
beduchess
befleas
begeck
beggarhood
beginnings
begluc
behedge
behindsight
beholds
behoved
beignet
beldame
bellup
belongs
beltman
benedictionale
benzotetrazole
benzothiazine
bergdama
berryshaped
bersaglieri
beseechers
besmoke
besogne
bestowed
bethel
betongue
betterliked
bewraps
beziers
bha
bhumidar
bibliomanian
bichlorides
bickerer
biconvexity
bigeminies
billandcooers
biodyne
biogens
biophagous
birdwoman
bisecting
bismanol
bivalencies
blackballs
blackbelt
blackskinned
blastfreezing
blastie
blatti
blightingly
blockpate
blocksburg
blowjob
bluehaired
bluejohn
bluesmen
bluewing
boarcite
bobbinwork
bobol
bobsledder
boffo
bombardments
bonzes
boobies
boodled
bookishly
booklatin
borborygmatic
borderies
bourgeoned
bouzoukia
brach
brank
branstock
breathtaking
brenda
briefer
brimly
brittney
brno
broadgauge
bronchoscope
brood
brunhild
bucco
buckle
buckles
buffball
buffcitrine
buiron
bukk
bulkiness
bullescene
bullfronted
bumpee
bunch
bunched
bureaucracy
bureaus
buries
burkeville
burney
bushhammer
busier
busman
butyric
byrnedale
bytrack
bywoner
caboodles
cacatuidae
cacatuinae
cachous
caelum
caincolored
cainsville
cair
calandridae
calicoes
callousing
canaanitish
canakins
canarys
candids
cannibalization
canonises
canonize
canthuthi
capias
capriform
carbocinchomeronic
carbonylation
cardcarrier
carignan
carolingian
cartsale
casparian
casteau
castledale
cataractal
catawba
catbriers
cathidine
catoptrical
catter
cauterize
cavdia
cavort
cdu
ceded
cedent
ceiled
ceilers
cellophane
cellulation
cenobitism
cenotaph
centralities
cephalopodous
cephalosporin
ceratophyllum
cerfoil
cerise
cerned
cerulescent
cerys
cesar
cestodes
cevine
chackled
chae
chagrins
champart
channellers
chantant
chants
charcot
chass
chattels
chaukidari
cheaping
checks
cherubic
chevelure
chevesaile
chilhowee
chlorosis
chokecherries
choristic
chorographical
chorological
choy
christianizing
christianson
christoph
chromicize
chromidiogamy
chromomere
chromophane
chryselectrum
chyluria
ciboria
cicada
ciminite
cimline
cinematheque
ciphony
cipolins
circlers
circumambient
circumfluous
circumplect
circumstanced
circumstantiability
circumvest
ciselysian
citr
clamworm
clangors
clasper
clausewitz
cleanable
clementis
clericalize
cletch
clever
clewgarnet
climbdown
clinged
clinopodium
cloacaline
cloacitis
clogwheel
clucky
clunking
cmis
cnidosac
cnidoscolus
cobwebby
cocaptains
cocas
coccyxes
cockleheaded
coconspirator
coconut
codirected
cods
coenzymes
coghle
cognacs
coinvolve
coldbraving
coldhead
colichemarde
collegese
colorblindness
comino
commandable
commonalties
commos
compassive
compulsitor
concertati
conciliatory
confidentially
confiders
confricamentum
conidae
connarite
conrado
consence
consolers
consound
consubsist
consume
contection
contestant
contextualize
contractile
contradistinction
contrapone
contrariness
contrastimulant
controversed
convenes
convokes
conyrine
cooty
copepodan
copperleaf
coprophyte
corblimy
corchorus
core
cornwallite
corsepresent
cortlandtite
cosingular
cosmolined
cosmology
cotenure
cotopaxi
cottier
countercompany
counterpoints
counterreformation
couperin
coupling
couseranite
covers
cowbane
cowfat
craftsman
craik
craniopuncture
crappiest
crare
crawls
croisette
crossfertilized
croupe
crumbers
crureus
crutchstick
cryingly
cryptogamous
cryptography
ctenodactyl
cubans
cuffing
cumming
cumquats
curettement
curlypated
cwt
cyanosis
cyathophylloid
cycasin
cyclecar
cyclones
cylindrocylindric
cymrite
cysteins
cystocarpic
dactylonomy
dads
daemonurgist
damyankee
darer
dariole
darkhaired
darkies
darndests
darrest
dauted
dazes
deadflat
deals
debitor
deblateration
decagrams
decanally
decarbonylating
decastylos
dedit
deeplaid
deepsounding
defectum
deflex
degener
degreeday
dehepatize
dejectedness
deliriously
