needed citation simultaneously structure data a of instance concrete single a access to threads computing multiple allow which versions concurrent have structures data known many
purpose this for classes use typically smalltalk and java c as such languages programming objectoriented details implementation hide to clients allow that types data opaque provide some implementation its and module library a of interface the between separation the programming modular support generally also languages modern
needed citation framework net microsoft the and framework collections java the library template standard c the are examples structures data common most the implement that libraries standard with come usually languages modern programs different by reused be to implementations structure data allows that mechanism library of sort some feature languages programming most
456789 12345 arrays multidimensional and arrays dimensional one vectors to addition in respectively records and structs support languages pascal and bcpl of descendant direct a c the example for arrays and records as such structures data certain for support in built other or syntax special have masm as such languages assembly level higher some and languages programming highlevel many hand other the on structures data for support in built lack language programming combined basic bcpl as such languages level low some and languages assembly most