amesite 1
anagogic 1
anarchies 1
andabatarian 1
annulment 1
annuloida 1
antiholiday 1
antimachination 1
backstaff 1
bannerless 1
barbas 1
barbellulate 1
barrientos 1
bibasilar 1
brc 1
buffleh 1
burdened 1
burgeoning 1
butty 1
carabini 1
cavelodged 1
circumrenal 1
comfily 1
commutated 1
concertising 1
copilots 1
copromoted 1
corge 1
cornetists 1
corticoste 1
cosmological 1
crocodilidae 1
cte 1
debris 1
deegan 1
