aberrator 1
abhorrency 1
aboutship 1
abrash 1
acception 1
acculturated 1
acrodromous 1
adrench 1
aegeria 1
ainhum 1
aiver 1
aliet 1
alleviates 1
almswomen 1
alterability 1
ambulancing 1
ampalea 1
amphibolia 1
anagogics 1
analysis 1
anesthesias 1
anglophiliac 1
anneals 1
antagonistic 1
anticivism 1
antidynastically 1
antipsoric 1
anuretic 1
aphides 1
apodous 1
aposoro 1
aquatinted 1
aristides 1
ascertain 1
ashangos 1
asserting 1
auntish 1
austwell 1
authenticities 1
avellino 1
avi 1
axillas 1
axleboring 1
backlogging 1
bagtikan 1
baguio 1
bantered 1
basotho 1
bellyflaught 1
bendix 1
beneplacity 1
besmut 1
bethankit 1
bezants 1
bighoofed 1
bigticket 1
blastfrozen 1
bleating 1
blobbiness 1
blossomy 1
boredness 1
bridged 1
brills 1
brinjal 1
brookston 1
broomstaff 1
brumidi 1
brushproof 1
bueschel 1
buine 1
bureaucrats 1
butenyl 1
byeelection 1
cannelated 1
canonries 1
caperingly 1
carissa 1
caryo 1
cavernitis 1
cdg 1
centrifuge 1
cevenole 1
chakazi 1
chalcid 1
chapaties 1
chartulae 1
chemawinite 1
cherie 1
chilogrammo 1
chips 1
chiropractor 1
cholecyanin 1
chordamesodermic 1
chucklehead 1
cicadid 1
ciguatera 1
circumesophagal 1
cloakanddagger 1
clocked 1
clubroot 1
coast 1
cobbing 1
cognoscente 1
colemouse 1
colonizers 1
colorists 1
comprachico 1
conchate 1
concile 1
conjunctively 1
conquerer 1
consecrate 1
conservatory 1
conshohocken 1
contumaceous 1
convallarin 1
conventionalising 1
copesmate 1
copremia 1
coracoid 1
costume 1
cottonless 1
coulometrically 1
coune 1
coverslip 1
crampoon 1
cunctipotent 1
curculionidae 1
cutback 1
cyclonically 1
darwen 1
deadpoint 1
debasing 1
debauchee 1
decks 1
dedal 1
defalcator 1
